  [38;5;240m▸[0m [1mbravo[0m [38;5;240m──────────────────────────────────────────[0m  	[2m1 win[0m [2m1d[0m		S:bravo
  [38;5;240m└─[0m [2mbravo[0m 0:shell  	[38;5;245m│[0m [38;5;180m~[0m              [38;5;109m#[0m               	[38;5;173mzsh[0m	W:bravo:0
[1;38;5;173m*[0m [38;5;240m▸[0m [1malpha[0m [38;5;240m──────────────────────────────────────────[0m  	[2m2 win[0m [38;5;150m●[0m [2m1d[0m		S:alpha
[1;38;5;173m*[0m [38;5;240m├─[0m [2malpha[0m 0:editor 	[38;5;245m│[0m [38;5;180m~/code/app[0m                     	[38;5;173mnvim[0m	W:alpha:0
[1;38;5;173m*[0m [38;5;240m│ ├╴[0m [2malpha 0.[0m0    	[38;5;245m│[0m [38;5;180m~/code/app[0m                     	[38;5;173mnvim[0m	P:alpha:0:0
  [38;5;240m│ └╴[0m [2malpha 0.[0m1    	[38;5;245m│[0m [38;5;180m~/code/app/src[0m                 	[38;5;173mzsh[0m	P:alpha:0:1
  [38;5;240m└─[0m [2malpha[0m 1:server 	[38;5;245m│[0m [38;5;180m~/code/app[0m     [1;38;5;167m![0m               	[38;5;173mnode[0m	W:alpha:1
