  [38;5;240m▸[0m [1memoji🚀deploy[0m [38;5;240m──────────────────────────────────────────[0m  	[2m1 win[0m [2m1d[0m		S:emoji🚀deploy
  [38;5;240m└─[0m [2memoji🚀deploy[0m 0:build    	[38;5;245m│[0m [38;5;180m~/x[0m                          	[38;5;173mmake[0m	W:emoji🚀deploy:0
[1;38;5;173m*[0m [38;5;240m▸[0m [1m日本語プロジェクト[0m [38;5;240m─────────────────────────────────────[0m  	[2m1 win[0m [38;5;150m●[0m [2m1d[0m		S:日本語プロジェクト
[1;38;5;173m*[0m [38;5;240m└─[0m [2m日本語プロジェ…[0m 0:編集   	[38;5;245m│[0m [38;5;180m~/コード[0m                     	[38;5;173mnvim[0m	W:日本語プロジェクト:0
