  [38;5;240m▸[0m [1mus[0m [38;5;240m─────────────────────────────────────────────[0m  	[2m1 win[0m [2m1d[0m		S:us
  [38;5;240m▸[0m [1msplit[0m [38;5;240m──────────────────────────────────────────[0m  	[2m1 win[0m [2m1d[0m		S:split
  [38;5;240m└─[0m [2msplit[0m 0:w      	[38;5;245m│[0m [38;5;180m~[0m                              	[38;5;240mzsh[0m	W:split:0
  [38;5;240m  └╴[0m [2msplit 0.[0m0    	[38;5;245m│[0m [38;5;180m~[0m                              	[38;5;240mzsh[0m	P:split:0:0
[1;38;5;173m*[0m [38;5;240m▸[0m [1mesc[0m [38;5;240m────────────────────────────────────────────[0m  	[2m3 win[0m [38;5;150m●[0m [2m1d[0m		S:esc
[1;38;5;173m*[0m [38;5;240m├─[0m [2mesc[0m 0:w        	[38;5;245m│[0m [38;5;180m~/e?[31mvil[0m                    	[38;5;173mnvim[0m	W:esc:0
  [38;5;240m├─[0m [2mesc[0m 1:cr       	[38;5;245m│[0m [38;5;180m~/c?r[0m                          	[38;5;240mzsh[0m	W:esc:1
  [38;5;240m└─[0m [2mesc[0m 2:tab      	[38;5;245m│[0m [38;5;180m~/t?b[0m        [1;38;5;173mZ[0m                 	[38;5;240mzsh[0m	W:esc:2
