  [38;5;240m▸[0m [1mcafe[0m [38;5;240m─────────────────────────────────────────[0m  	[2m1 win[0m [2m1d[0m		S:cafe
  [38;5;240m└─[0m [2mcafe[0m 0:menu    	[38;5;245m│[0m [38;5;180m~/cafe[0m                       	[38;5;240mzsh[0m	W:cafe:0
  [38;5;240m▸[0m [1mnaive[0m [38;5;240m────────────────────────────────────────[0m  	[2m1 win[0m [2m1d[0m		S:naive
  [38;5;240m└─[0m [2mnaive[0m 0:cv     	[38;5;245m│[0m [38;5;180m~/naive[0m                      	[38;5;240mzsh[0m	W:naive:0
  [38;5;240m▸[0m [1mzulu[0m [38;5;240m─────────────────────────────────────────[0m  	[2m1 win[0m [2m1d[0m		S:zulu
  [38;5;240m└─[0m [2mzulu[0m 0:z       	[38;5;245m│[0m [38;5;180m~/zulu[0m                       	[38;5;240mzsh[0m	W:zulu:0
[1;38;5;173m*[0m [38;5;240m▸[0m [1mafter[0m [38;5;240m────────────────────────────────────────[0m  	[2m2 win[0m [38;5;150m●[0m [2m1d[0m		S:after
[1;38;5;173m*[0m [38;5;240m├─[0m [2mafter[0m 0:edit   	[38;5;245m│[0m [38;5;180m~/after[0m                      	[38;5;173mnvim [38;5;150mnotes.md[0m	W:after:0
[1;38;5;173m*[0m [38;5;240m│ ├╴[0m [2mafter 0.[0m0    	[38;5;245m│[0m [38;5;180m~/after[0m                      	[38;5;173mnvim [38;5;150mnotes.md[0m	P:after:0:0
  [38;5;240m│ └╴[0m [2mafter 0.[0m1    	[38;5;245m│[0m [38;5;180m~/after/src[0m                  	[38;5;240mzsh[0m	P:after:0:1
  [38;5;240m└─[0m [2mafter[0m 1:logs   	[38;5;245m│[0m [38;5;180m~/after/logs[0m                 	[38;5;173mtail -f x.log[0m	W:after:1
